// Jest Snapshot v1, https://goo.gl/fbAQLP

exports[`<NavigationItems /> should render <NavigationItems /> Component 1`] = `ShallowWrapper {}`;
